MPLINK 5.08, LINKER
Linker Map File - Created Tue Nov 17 16:36:34 2015

                                 Section Info
                  Section       Type    Address   Location Size(Bytes)
                ---------  ---------  ---------  ---------  ---------
                   .org_0       code   0x000000    program   0x0000a2
                   .cinit    romdata   0x000051    program   0x000004
.config_2007_BUILD/DEFAULT/PRODUCTION/PRUEBAT       code   0x002007    program   0x000002



                              Program Memory Usage 
                               Start         End      
                           ---------   ---------      
                            0x000000    0x000052      
                            0x002007    0x002007      
            84 out of 1158 program addresses used, program memory utilization is 7%



                              Symbols - Sorted by Name
                     Name    Address   Location    Storage File                     
                ---------  ---------  ---------  --------- ---------                
                    Bucle   0x000023    program     static /home/jose/Carpeta_Github/Mis_practicas_SE/Alejandro/Prueba_Transmision.X/pruebaTransmision.asm
               Carry_Cero   0x000016    program     static /home/jose/Carpeta_Github/Mis_practicas_SE/Alejandro/Prueba_Transmision.X/pruebaTransmision.asm
                Carry_Uno   0x000019    program     static /home/jose/Carpeta_Github/Mis_practicas_SE/Alejandro/Prueba_Transmision.X/pruebaTransmision.asm
            Configuracion   0x000027    program     static /home/jose/Carpeta_Github/Mis_practicas_SE/Alejandro/Prueba_Transmision.X/pruebaTransmision.asm
               Envia_Dato   0x000012    program     static /home/jose/Carpeta_Github/Mis_practicas_SE/Alejandro/Prueba_Transmision.X/pruebaTransmision.asm
          Inicializa_UART   0x000001    program     static /home/jose/Carpeta_Github/Mis_practicas_SE/Alejandro/Prueba_Transmision.X/pruebaTransmision.asm
                Principal   0x000034    program     static /home/jose/Carpeta_Github/Mis_practicas_SE/Alejandro/Prueba_Transmision.X/pruebaTransmision.asm
                  Retardo   0x00004b    program     static /home/jose/Carpeta_Github/Mis_practicas_SE/Alejandro/Prueba_Transmision.X/pruebaTransmision.asm
            Temporizador0   0x000021    program     static /home/jose/Carpeta_Github/Mis_practicas_SE/Alejandro/Prueba_Transmision.X/pruebaTransmision.asm
                  Termina   0x000050    program     static /home/jose/Carpeta_Github/Mis_practicas_SE/Alejandro/Prueba_Transmision.X/pruebaTransmision.asm
           Transmite_UART   0x00000e    program     static /home/jose/Carpeta_Github/Mis_practicas_SE/Alejandro/Prueba_Transmision.X/pruebaTransmision.asm
             Verifica_Fin   0x00001c    program     static /home/jose/Carpeta_Github/Mis_practicas_SE/Alejandro/Prueba_Transmision.X/pruebaTransmision.asm



                              Symbols - Sorted by Address
                     Name    Address   Location    Storage File                     
                ---------  ---------  ---------  --------- ---------                
          Inicializa_UART   0x000001    program     static /home/jose/Carpeta_Github/Mis_practicas_SE/Alejandro/Prueba_Transmision.X/pruebaTransmision.asm
           Transmite_UART   0x00000e    program     static /home/jose/Carpeta_Github/Mis_practicas_SE/Alejandro/Prueba_Transmision.X/pruebaTransmision.asm
               Envia_Dato   0x000012    program     static /home/jose/Carpeta_Github/Mis_practicas_SE/Alejandro/Prueba_Transmision.X/pruebaTransmision.asm
               Carry_Cero   0x000016    program     static /home/jose/Carpeta_Github/Mis_practicas_SE/Alejandro/Prueba_Transmision.X/pruebaTransmision.asm
                Carry_Uno   0x000019    program     static /home/jose/Carpeta_Github/Mis_practicas_SE/Alejandro/Prueba_Transmision.X/pruebaTransmision.asm
             Verifica_Fin   0x00001c    program     static /home/jose/Carpeta_Github/Mis_practicas_SE/Alejandro/Prueba_Transmision.X/pruebaTransmision.asm
            Temporizador0   0x000021    program     static /home/jose/Carpeta_Github/Mis_practicas_SE/Alejandro/Prueba_Transmision.X/pruebaTransmision.asm
                    Bucle   0x000023    program     static /home/jose/Carpeta_Github/Mis_practicas_SE/Alejandro/Prueba_Transmision.X/pruebaTransmision.asm
            Configuracion   0x000027    program     static /home/jose/Carpeta_Github/Mis_practicas_SE/Alejandro/Prueba_Transmision.X/pruebaTransmision.asm
                Principal   0x000034    program     static /home/jose/Carpeta_Github/Mis_practicas_SE/Alejandro/Prueba_Transmision.X/pruebaTransmision.asm
                  Retardo   0x00004b    program     static /home/jose/Carpeta_Github/Mis_practicas_SE/Alejandro/Prueba_Transmision.X/pruebaTransmision.asm
                  Termina   0x000050    program     static /home/jose/Carpeta_Github/Mis_practicas_SE/Alejandro/Prueba_Transmision.X/pruebaTransmision.asm


