MPLINK 5.08, LINKER
Linker Map File - Created Tue Nov 17 11:54:11 2015

                                 Section Info
                  Section       Type    Address   Location Size(Bytes)
                ---------  ---------  ---------  ---------  ---------
                   .org_0       code   0x000000    program   0x0000de
                   .cinit    romdata   0x00006f    program   0x000004
.config_2007_BUILD/DEFAULT/PRODUCTION/PROYECT       code   0x002007    program   0x000002



                              Program Memory Usage 
                               Start         End      
                           ---------   ---------      
                            0x000000    0x000070      
                            0x002007    0x002007      
            114 out of 1158 program addresses used, program memory utilization is 9%



                              Symbols - Sorted by Name
                     Name    Address   Location    Storage File                     
                ---------  ---------  ---------  --------- ---------                
                    Bucle   0x00006b    program     static C:\Users\aleja\MPLABXProjects\Proyecto.X\UART_RS232.inc
               Carry_Cero   0x00005e    program     static C:\Users\aleja\MPLABXProjects\Proyecto.X\UART_RS232.inc
                Carry_Uno   0x000061    program     static C:\Users\aleja\MPLABXProjects\Proyecto.X\UART_RS232.inc
               Envia_Dato   0x00005a    program     static C:\Users\aleja\MPLABXProjects\Proyecto.X\UART_RS232.inc
          Inicializa_UART   0x000049    program     static C:\Users\aleja\MPLABXProjects\Proyecto.X\UART_RS232.inc
                   Inicio   0x000001    program     static C:\Users\aleja\MPLABXProjects\Proyecto.X\proyecto_pic12f.asm
              Media_Movil   0x00002b    program     static C:\Users\aleja\MPLABXProjects\Proyecto.X\proyecto_pic12f.asm
                Principal   0x000018    program     static C:\Users\aleja\MPLABXProjects\Proyecto.X\proyecto_pic12f.asm
                  Retardo   0x000044    program     static C:\Users\aleja\MPLABXProjects\Proyecto.X\proyecto_pic12f.asm
            Temporizador0   0x000069    program     static C:\Users\aleja\MPLABXProjects\Proyecto.X\UART_RS232.inc
           Transmite_UART   0x000056    program     static C:\Users\aleja\MPLABXProjects\Proyecto.X\UART_RS232.inc
             Verifica_Fin   0x000064    program     static C:\Users\aleja\MPLABXProjects\Proyecto.X\UART_RS232.inc
             _.org_0_001D   0x00001d    program     static C:\Users\aleja\MPLABXProjects\Proyecto.X\proyecto_pic12f.asm



                              Symbols - Sorted by Address
                     Name    Address   Location    Storage File                     
                ---------  ---------  ---------  --------- ---------                
                   Inicio   0x000001    program     static C:\Users\aleja\MPLABXProjects\Proyecto.X\proyecto_pic12f.asm
                Principal   0x000018    program     static C:\Users\aleja\MPLABXProjects\Proyecto.X\proyecto_pic12f.asm
             _.org_0_001D   0x00001d    program     static C:\Users\aleja\MPLABXProjects\Proyecto.X\proyecto_pic12f.asm
              Media_Movil   0x00002b    program     static C:\Users\aleja\MPLABXProjects\Proyecto.X\proyecto_pic12f.asm
                  Retardo   0x000044    program     static C:\Users\aleja\MPLABXProjects\Proyecto.X\proyecto_pic12f.asm
          Inicializa_UART   0x000049    program     static C:\Users\aleja\MPLABXProjects\Proyecto.X\UART_RS232.inc
           Transmite_UART   0x000056    program     static C:\Users\aleja\MPLABXProjects\Proyecto.X\UART_RS232.inc
               Envia_Dato   0x00005a    program     static C:\Users\aleja\MPLABXProjects\Proyecto.X\UART_RS232.inc
               Carry_Cero   0x00005e    program     static C:\Users\aleja\MPLABXProjects\Proyecto.X\UART_RS232.inc
                Carry_Uno   0x000061    program     static C:\Users\aleja\MPLABXProjects\Proyecto.X\UART_RS232.inc
             Verifica_Fin   0x000064    program     static C:\Users\aleja\MPLABXProjects\Proyecto.X\UART_RS232.inc
            Temporizador0   0x000069    program     static C:\Users\aleja\MPLABXProjects\Proyecto.X\UART_RS232.inc
                    Bucle   0x00006b    program     static C:\Users\aleja\MPLABXProjects\Proyecto.X\UART_RS232.inc


