MPLINK 5.08, LINKER
Linker Map File - Created Mon Sep 21 19:14:36 2015

                                 Section Info
                  Section       Type    Address   Location Size(Bytes)
                ---------  ---------  ---------  ---------  ---------
                   .cinit    romdata   0x000000    program   0x000002
                   .org_0       code   0x000020    program   0x000050
.config_300001_BUILD/DEFAULT/PRODUCTION/DEBOUNC    romdata   0x300001    program   0x000001
.config_300002_BUILD/DEFAULT/PRODUCTION/DEBOUNC    romdata   0x300002    program   0x000001
.config_300003_BUILD/DEFAULT/PRODUCTION/DEBOUNC    romdata   0x300003    program   0x000001
.config_300005_BUILD/DEFAULT/PRODUCTION/DEBOUNC    romdata   0x300005    program   0x000001
.config_300006_BUILD/DEFAULT/PRODUCTION/DEBOUNC    romdata   0x300006    program   0x000001



                              Program Memory Usage 
                               Start         End      
                           ---------   ---------      
                            0x000000    0x000001      
                            0x000020    0x00006f      
                            0x300001    0x300003      
                            0x300005    0x300006      
            87 out of 66584 program addresses used, program memory utilization is 0%



                              Symbols - Sorted by Name
                     Name    Address   Location    Storage File                     
                ---------  ---------  ---------  --------- ---------                
            Cambio_estado   0x000050    program     static /home/jose/Documentos/Mis_practicas_SE/Debounce_mio.X/Debounce_mio.asm
                   Inicio   0x000020    program     static /home/jose/Documentos/Mis_practicas_SE/Debounce_mio.X/Debounce_mio.asm
                Principal   0x000036    program     static /home/jose/Documentos/Mis_practicas_SE/Debounce_mio.X/Debounce_mio.asm
              Retardo_1ms   0x00005e    program     static /home/jose/Documentos/Mis_practicas_SE/Debounce_mio.X/Debounce_mio.asm
                    loop1   0x000062    program     static /home/jose/Documentos/Mis_practicas_SE/Debounce_mio.X/Debounce_mio.asm
                    loop2   0x000068    program     static /home/jose/Documentos/Mis_practicas_SE/Debounce_mio.X/Debounce_mio.asm



                              Symbols - Sorted by Address
                     Name    Address   Location    Storage File                     
                ---------  ---------  ---------  --------- ---------                
                   Inicio   0x000020    program     static /home/jose/Documentos/Mis_practicas_SE/Debounce_mio.X/Debounce_mio.asm
                Principal   0x000036    program     static /home/jose/Documentos/Mis_practicas_SE/Debounce_mio.X/Debounce_mio.asm
            Cambio_estado   0x000050    program     static /home/jose/Documentos/Mis_practicas_SE/Debounce_mio.X/Debounce_mio.asm
              Retardo_1ms   0x00005e    program     static /home/jose/Documentos/Mis_practicas_SE/Debounce_mio.X/Debounce_mio.asm
                    loop1   0x000062    program     static /home/jose/Documentos/Mis_practicas_SE/Debounce_mio.X/Debounce_mio.asm
                    loop2   0x000068    program     static /home/jose/Documentos/Mis_practicas_SE/Debounce_mio.X/Debounce_mio.asm


