MPLINK 5.08, LINKER
Linker Map File - Created Mon Sep 21 01:41:40 2015

                                 Section Info
                  Section       Type    Address   Location Size(Bytes)
                ---------  ---------  ---------  ---------  ---------
                   .cinit    romdata   0x000000    program   0x000002
                   .org_0       code   0x000020    program   0x00005c
.config_300001_BUILD/DEFAULT/PRODUCTION/DEBOUNC    romdata   0x300001    program   0x000001
.config_300002_BUILD/DEFAULT/PRODUCTION/DEBOUNC    romdata   0x300002    program   0x000001
.config_300003_BUILD/DEFAULT/PRODUCTION/DEBOUNC    romdata   0x300003    program   0x000001
.config_300005_BUILD/DEFAULT/PRODUCTION/DEBOUNC    romdata   0x300005    program   0x000001
.config_300006_BUILD/DEFAULT/PRODUCTION/DEBOUNC    romdata   0x300006    program   0x000001



                              Program Memory Usage 
                               Start         End      
                           ---------   ---------      
                            0x000000    0x000001      
                            0x000020    0x00007b      
                            0x300001    0x300003      
                            0x300005    0x300006      
            99 out of 66584 program addresses used, program memory utilization is 0%



                              Symbols - Sorted by Name
                     Name    Address   Location    Storage File                     
                ---------  ---------  ---------  --------- ---------                
                 Delay1mS   0x000068    program     static /home/jose/Documentos/Mis_practicas_SE/Debounce.X/Debounce.asm
              EndDebounce   0x00004e    program     static /home/jose/Documentos/Mis_practicas_SE/Debounce.X/Debounce.asm
                   Inicio   0x000020    program     static /home/jose/Documentos/Mis_practicas_SE/Debounce.X/Debounce.asm
           LookingForDown   0x00003a    program     static /home/jose/Documentos/Mis_practicas_SE/Debounce.X/Debounce.asm
             LookingForUp   0x000046    program     static /home/jose/Documentos/Mis_practicas_SE/Debounce.X/Debounce.asm
            LoopPrincipal   0x000034    program     static /home/jose/Documentos/Mis_practicas_SE/Debounce.X/Debounce.asm
                     Ret1   0x00006c    program     static /home/jose/Documentos/Mis_practicas_SE/Debounce.X/Debounce.asm
                     Ret2   0x000072    program     static /home/jose/Documentos/Mis_practicas_SE/Debounce.X/Debounce.asm



                              Symbols - Sorted by Address
                     Name    Address   Location    Storage File                     
                ---------  ---------  ---------  --------- ---------                
                   Inicio   0x000020    program     static /home/jose/Documentos/Mis_practicas_SE/Debounce.X/Debounce.asm
            LoopPrincipal   0x000034    program     static /home/jose/Documentos/Mis_practicas_SE/Debounce.X/Debounce.asm
           LookingForDown   0x00003a    program     static /home/jose/Documentos/Mis_practicas_SE/Debounce.X/Debounce.asm
             LookingForUp   0x000046    program     static /home/jose/Documentos/Mis_practicas_SE/Debounce.X/Debounce.asm
              EndDebounce   0x00004e    program     static /home/jose/Documentos/Mis_practicas_SE/Debounce.X/Debounce.asm
                 Delay1mS   0x000068    program     static /home/jose/Documentos/Mis_practicas_SE/Debounce.X/Debounce.asm
                     Ret1   0x00006c    program     static /home/jose/Documentos/Mis_practicas_SE/Debounce.X/Debounce.asm
                     Ret2   0x000072    program     static /home/jose/Documentos/Mis_practicas_SE/Debounce.X/Debounce.asm


