MPLINK 5.08, LINKER
Linker Map File - Created Fri Oct  2 02:14:26 2015

                                 Section Info
                  Section       Type    Address   Location Size(Bytes)
                ---------  ---------  ---------  ---------  ---------
                   .org_0       code   0x000000    program   0x000004
                   .cinit    romdata   0x000004    program   0x000002
                   .org_1       code   0x000008    program   0x000004
                   .org_2       code   0x000018    program   0x000052
.config_300001_BUILD/DEFAULT/PRODUCTION/INTERRU    romdata   0x300001    program   0x000001
.config_300002_BUILD/DEFAULT/PRODUCTION/INTERRU    romdata   0x300002    program   0x000001
.config_300003_BUILD/DEFAULT/PRODUCTION/INTERRU    romdata   0x300003    program   0x000001
.config_300005_BUILD/DEFAULT/PRODUCTION/INTERRU    romdata   0x300005    program   0x000001
.config_300006_BUILD/DEFAULT/PRODUCTION/INTERRU    romdata   0x300006    program   0x000001



                              Program Memory Usage 
                               Start         End      
                           ---------   ---------      
                            0x000000    0x000005      
                            0x000008    0x00000b      
                            0x000018    0x000069      
                            0x300001    0x300003      
                            0x300005    0x300006      
            97 out of 66584 program addresses used, program memory utilization is 0%



                              Symbols - Sorted by Name
                     Name    Address   Location    Storage File                     
                ---------  ---------  ---------  --------- ---------                
                   ISRADC   0x000062    program     static /home/jose/Carpeta_GIT/Mis_practicas_SE/Interrupciones_ADCyTimer0.X/Interrupciones_ADCyTimer0.asm
                 ISRtimer   0x00004e    program     static /home/jose/Carpeta_GIT/Mis_practicas_SE/Interrupciones_ADCyTimer0.X/Interrupciones_ADCyTimer0.asm
                   Inicio   0x00001c    program     static /home/jose/Carpeta_GIT/Mis_practicas_SE/Interrupciones_ADCyTimer0.X/Interrupciones_ADCyTimer0.asm
                  Retardo   0x00005a    program     static /home/jose/Carpeta_GIT/Mis_practicas_SE/Interrupciones_ADCyTimer0.X/Interrupciones_ADCyTimer0.asm
                principal   0x000048    program     static /home/jose/Carpeta_GIT/Mis_practicas_SE/Interrupciones_ADCyTimer0.X/Interrupciones_ADCyTimer0.asm



                              Symbols - Sorted by Address
                     Name    Address   Location    Storage File                     
                ---------  ---------  ---------  --------- ---------                
                   Inicio   0x00001c    program     static /home/jose/Carpeta_GIT/Mis_practicas_SE/Interrupciones_ADCyTimer0.X/Interrupciones_ADCyTimer0.asm
                principal   0x000048    program     static /home/jose/Carpeta_GIT/Mis_practicas_SE/Interrupciones_ADCyTimer0.X/Interrupciones_ADCyTimer0.asm
                 ISRtimer   0x00004e    program     static /home/jose/Carpeta_GIT/Mis_practicas_SE/Interrupciones_ADCyTimer0.X/Interrupciones_ADCyTimer0.asm
                  Retardo   0x00005a    program     static /home/jose/Carpeta_GIT/Mis_practicas_SE/Interrupciones_ADCyTimer0.X/Interrupciones_ADCyTimer0.asm
                   ISRADC   0x000062    program     static /home/jose/Carpeta_GIT/Mis_practicas_SE/Interrupciones_ADCyTimer0.X/Interrupciones_ADCyTimer0.asm


