MPLINK 5.08, LINKER
Linker Map File - Created Mon Sep 21 00:46:17 2015

                                 Section Info
                  Section       Type    Address   Location Size(Bytes)
                ---------  ---------  ---------  ---------  ---------
                   .cinit    romdata   0x000000    program   0x000002
                   .org_0       code   0x000020    program   0x000036
.config_300001_BUILD/DEFAULT/PRODUCTION/BINARIO    romdata   0x300001    program   0x000001
.config_300002_BUILD/DEFAULT/PRODUCTION/BINARIO    romdata   0x300002    program   0x000001
.config_300003_BUILD/DEFAULT/PRODUCTION/BINARIO    romdata   0x300003    program   0x000001
.config_300005_BUILD/DEFAULT/PRODUCTION/BINARIO    romdata   0x300005    program   0x000001
.config_300006_BUILD/DEFAULT/PRODUCTION/BINARIO    romdata   0x300006    program   0x000001



                              Program Memory Usage 
                               Start         End      
                           ---------   ---------      
                            0x000000    0x000001      
                            0x000020    0x000055      
                            0x300001    0x300003      
                            0x300005    0x300006      
            61 out of 66584 program addresses used, program memory utilization is 0%



                              Symbols - Sorted by Name
                     Name    Address   Location    Storage File                     
                ---------  ---------  ---------  --------- ---------                
                Bin_a_BCD   0x000024    program     static /home/jose/Documentos/Mis_practicas_SE/BinarioToBCD.X/BinarioToBCD.asm
              Fin_BIN_BCD   0x00004a    program     static /home/jose/Documentos/Mis_practicas_SE/BinarioToBCD.X/BinarioToBCD.asm
       IncrementaCentenas   0x000042    program     static /home/jose/Documentos/Mis_practicas_SE/BinarioToBCD.X/BinarioToBCD.asm
        IncrementaDecenas   0x000034    program     static /home/jose/Documentos/Mis_practicas_SE/BinarioToBCD.X/BinarioToBCD.asm
                   Inicio   0x000020    program     static /home/jose/Documentos/Mis_practicas_SE/BinarioToBCD.X/BinarioToBCD.asm
                Principal   0x000022    program     static /home/jose/Documentos/Mis_practicas_SE/BinarioToBCD.X/BinarioToBCD.asm
                  Resta10   0x00002a    program     static /home/jose/Documentos/Mis_practicas_SE/BinarioToBCD.X/BinarioToBCD.asm
             _.org_0_0052   0x000052    program     static /home/jose/Documentos/Mis_practicas_SE/BinarioToBCD.X/BinarioToBCD.asm



                              Symbols - Sorted by Address
                     Name    Address   Location    Storage File                     
                ---------  ---------  ---------  --------- ---------                
                   Inicio   0x000020    program     static /home/jose/Documentos/Mis_practicas_SE/BinarioToBCD.X/BinarioToBCD.asm
                Principal   0x000022    program     static /home/jose/Documentos/Mis_practicas_SE/BinarioToBCD.X/BinarioToBCD.asm
                Bin_a_BCD   0x000024    program     static /home/jose/Documentos/Mis_practicas_SE/BinarioToBCD.X/BinarioToBCD.asm
                  Resta10   0x00002a    program     static /home/jose/Documentos/Mis_practicas_SE/BinarioToBCD.X/BinarioToBCD.asm
        IncrementaDecenas   0x000034    program     static /home/jose/Documentos/Mis_practicas_SE/BinarioToBCD.X/BinarioToBCD.asm
       IncrementaCentenas   0x000042    program     static /home/jose/Documentos/Mis_practicas_SE/BinarioToBCD.X/BinarioToBCD.asm
              Fin_BIN_BCD   0x00004a    program     static /home/jose/Documentos/Mis_practicas_SE/BinarioToBCD.X/BinarioToBCD.asm
             _.org_0_0052   0x000052    program     static /home/jose/Documentos/Mis_practicas_SE/BinarioToBCD.X/BinarioToBCD.asm


