MPLINK 5.08, LINKER
Linker Map File - Created Mon Sep 28 17:40:06 2015

                                 Section Info
                  Section       Type    Address   Location Size(Bytes)
                ---------  ---------  ---------  ---------  ---------
                   .org_0       code   0x000000    program   0x000004
                   .cinit    romdata   0x000004    program   0x000002
                   .org_1       code   0x000008    program   0x000040
.config_300001_BUILD/DEFAULT/DEBUG/INTERRUPCION    romdata   0x300001    program   0x000001
.config_300002_BUILD/DEFAULT/DEBUG/INTERRUPCION    romdata   0x300002    program   0x000001
.config_300003_BUILD/DEFAULT/DEBUG/INTERRUPCION    romdata   0x300003    program   0x000001
.config_300005_BUILD/DEFAULT/DEBUG/INTERRUPCION    romdata   0x300005    program   0x000001
.config_300006_BUILD/DEFAULT/DEBUG/INTERRUPCION    romdata   0x300006    program   0x000001



                              Program Memory Usage 
                               Start         End      
                           ---------   ---------      
                            0x000000    0x000005      
                            0x000008    0x000047      
                            0x300001    0x300003      
                            0x300005    0x300006      
            75 out of 66584 program addresses used, program memory utilization is 0%



                              Symbols - Sorted by Name
                     Name    Address   Location    Storage File                     
                ---------  ---------  ---------  --------- ---------                
                      ISR   0x00002e    program     static /home/jose/Documentos/Mis_practicas_SE/Interrupcion_ADC.X/Interrupcion_ADC.asm
                   Inicio   0x00000c    program     static /home/jose/Documentos/Mis_practicas_SE/Interrupcion_ADC.X/Interrupcion_ADC.asm
              Retardo_1ms   0x000036    program     static /home/jose/Documentos/Mis_practicas_SE/Interrupcion_ADC.X/Interrupcion_ADC.asm
                    loop1   0x00003a    program     static /home/jose/Documentos/Mis_practicas_SE/Interrupcion_ADC.X/Interrupcion_ADC.asm
                    loop2   0x000040    program     static /home/jose/Documentos/Mis_practicas_SE/Interrupcion_ADC.X/Interrupcion_ADC.asm
                principal   0x000024    program     static /home/jose/Documentos/Mis_practicas_SE/Interrupcion_ADC.X/Interrupcion_ADC.asm



                              Symbols - Sorted by Address
                     Name    Address   Location    Storage File                     
                ---------  ---------  ---------  --------- ---------                
                   Inicio   0x00000c    program     static /home/jose/Documentos/Mis_practicas_SE/Interrupcion_ADC.X/Interrupcion_ADC.asm
                principal   0x000024    program     static /home/jose/Documentos/Mis_practicas_SE/Interrupcion_ADC.X/Interrupcion_ADC.asm
                      ISR   0x00002e    program     static /home/jose/Documentos/Mis_practicas_SE/Interrupcion_ADC.X/Interrupcion_ADC.asm
              Retardo_1ms   0x000036    program     static /home/jose/Documentos/Mis_practicas_SE/Interrupcion_ADC.X/Interrupcion_ADC.asm
                    loop1   0x00003a    program     static /home/jose/Documentos/Mis_practicas_SE/Interrupcion_ADC.X/Interrupcion_ADC.asm
                    loop2   0x000040    program     static /home/jose/Documentos/Mis_practicas_SE/Interrupcion_ADC.X/Interrupcion_ADC.asm


