MPLINK 5.08, LINKER
Linker Map File - Created Sun Oct 11 17:03:37 2015

                                 Section Info
                  Section       Type    Address   Location Size(Bytes)
                ---------  ---------  ---------  ---------  ---------
                   .cinit    romdata   0x000000    program   0x000002
                   .org_0       code   0x000020    program   0x000094
.config_300001_BUILD/DEFAULT/DEBUG/FILTRO_MEDIA    romdata   0x300001    program   0x000001
.config_300002_BUILD/DEFAULT/DEBUG/FILTRO_MEDIA    romdata   0x300002    program   0x000001
.config_300003_BUILD/DEFAULT/DEBUG/FILTRO_MEDIA    romdata   0x300003    program   0x000001
.config_300005_BUILD/DEFAULT/DEBUG/FILTRO_MEDIA    romdata   0x300005    program   0x000001
.config_300006_BUILD/DEFAULT/DEBUG/FILTRO_MEDIA    romdata   0x300006    program   0x000001



                              Program Memory Usage 
                               Start         End      
                           ---------   ---------      
                            0x000000    0x000001      
                            0x000020    0x0000b3      
                            0x300001    0x300003      
                            0x300005    0x300006      
            155 out of 66584 program addresses used, program memory utilization is 0%



                              Symbols - Sorted by Name
                     Name    Address   Location    Storage File                     
                ---------  ---------  ---------  --------- ---------                
                   Filtro   0x000068    program     static /home/jose/Carpeta_Github/Mis_practicas_SE/Filtro_MediaMovil.X/Filtro_MediaMovil.asm
               Ini_Filtro   0x00004e    program     static /home/jose/Carpeta_Github/Mis_practicas_SE/Filtro_MediaMovil.X/Filtro_MediaMovil.asm
                   Inicio   0x000020    program     static /home/jose/Carpeta_Github/Mis_practicas_SE/Filtro_MediaMovil.X/Filtro_MediaMovil.asm
                Principal   0x000034    program     static /home/jose/Carpeta_Github/Mis_practicas_SE/Filtro_MediaMovil.X/Filtro_MediaMovil.asm
            Retardo_200ms   0x0000a6    program     static /home/jose/Carpeta_Github/Mis_practicas_SE/Filtro_MediaMovil.X/Filtro_MediaMovil.asm
                     poll   0x00003a    program     static /home/jose/Carpeta_Github/Mis_practicas_SE/Filtro_MediaMovil.X/Filtro_MediaMovil.asm
                     ret1   0x0000a6    program     static /home/jose/Carpeta_Github/Mis_practicas_SE/Filtro_MediaMovil.X/Filtro_MediaMovil.asm



                              Symbols - Sorted by Address
                     Name    Address   Location    Storage File                     
                ---------  ---------  ---------  --------- ---------                
                   Inicio   0x000020    program     static /home/jose/Carpeta_Github/Mis_practicas_SE/Filtro_MediaMovil.X/Filtro_MediaMovil.asm
                Principal   0x000034    program     static /home/jose/Carpeta_Github/Mis_practicas_SE/Filtro_MediaMovil.X/Filtro_MediaMovil.asm
                     poll   0x00003a    program     static /home/jose/Carpeta_Github/Mis_practicas_SE/Filtro_MediaMovil.X/Filtro_MediaMovil.asm
               Ini_Filtro   0x00004e    program     static /home/jose/Carpeta_Github/Mis_practicas_SE/Filtro_MediaMovil.X/Filtro_MediaMovil.asm
                   Filtro   0x000068    program     static /home/jose/Carpeta_Github/Mis_practicas_SE/Filtro_MediaMovil.X/Filtro_MediaMovil.asm
            Retardo_200ms   0x0000a6    program     static /home/jose/Carpeta_Github/Mis_practicas_SE/Filtro_MediaMovil.X/Filtro_MediaMovil.asm
                     ret1   0x0000a6    program     static /home/jose/Carpeta_Github/Mis_practicas_SE/Filtro_MediaMovil.X/Filtro_MediaMovil.asm


