MPLINK 5.08, LINKER
Linker Map File - Created Sun Oct  4 22:16:56 2015

                                 Section Info
                  Section       Type    Address   Location Size(Bytes)
                ---------  ---------  ---------  ---------  ---------
                   .cinit    romdata   0x000000    program   0x000002
                   .org_0       code   0x000020    program   0x000020
.config_300001_BUILD/DEFAULT/DEBUG/CONVERSION.O    romdata   0x300001    program   0x000001
.config_300002_BUILD/DEFAULT/DEBUG/CONVERSION.O    romdata   0x300002    program   0x000001
.config_300003_BUILD/DEFAULT/DEBUG/CONVERSION.O    romdata   0x300003    program   0x000001
.config_300005_BUILD/DEFAULT/DEBUG/CONVERSION.O    romdata   0x300005    program   0x000001
.config_300006_BUILD/DEFAULT/DEBUG/CONVERSION.O    romdata   0x300006    program   0x000001



                              Program Memory Usage 
                               Start         End      
                           ---------   ---------      
                            0x000000    0x000001      
                            0x000020    0x00003f      
                            0x300001    0x300003      
                            0x300005    0x300006      
            39 out of 66584 program addresses used, program memory utilization is 0%



                              Symbols - Sorted by Name
                     Name    Address   Location    Storage File                     
                ---------  ---------  ---------  --------- ---------                
                   Inicio   0x000020    program     static /home/jose/Carpeta_GIT/Mis_practicas_SE/conversion_AD.X/conversion.asm
                      aca   0x000032    program     static /home/jose/Carpeta_GIT/Mis_practicas_SE/conversion_AD.X/conversion.asm
                principal   0x000030    program     static /home/jose/Carpeta_GIT/Mis_practicas_SE/conversion_AD.X/conversion.asm



                              Symbols - Sorted by Address
                     Name    Address   Location    Storage File                     
                ---------  ---------  ---------  --------- ---------                
                   Inicio   0x000020    program     static /home/jose/Carpeta_GIT/Mis_practicas_SE/conversion_AD.X/conversion.asm
                principal   0x000030    program     static /home/jose/Carpeta_GIT/Mis_practicas_SE/conversion_AD.X/conversion.asm
                      aca   0x000032    program     static /home/jose/Carpeta_GIT/Mis_practicas_SE/conversion_AD.X/conversion.asm


