MPLINK 5.08, LINKER
Linker Map File - Created Thu Jul 16 21:10:53 2009

                                 Section Info
                  Section       Type    Address   Location Size(Bytes)
                ---------  ---------  ---------  ---------  ---------
                   .cinit    romdata   0x000000    program   0x000002
                   .org_0       code   0x000020    program   0x00003c
.config_300001_BUILD/DEFAULT/PRODUCTION/ROTACIO    romdata   0x300001    program   0x000001
.config_300002_BUILD/DEFAULT/PRODUCTION/ROTACIO    romdata   0x300002    program   0x000001
.config_300003_BUILD/DEFAULT/PRODUCTION/ROTACIO    romdata   0x300003    program   0x000001
.config_300005_BUILD/DEFAULT/PRODUCTION/ROTACIO    romdata   0x300005    program   0x000001
.config_300006_BUILD/DEFAULT/PRODUCTION/ROTACIO    romdata   0x300006    program   0x000001



                              Program Memory Usage 
                               Start         End      
                           ---------   ---------      
                            0x000000    0x000001      
                            0x000020    0x00005b      
                            0x300001    0x300003      
                            0x300005    0x300006      
            67 out of 66584 program addresses used, program memory utilization is 0%



                              Symbols - Sorted by Name
                     Name    Address   Location    Storage File                     
                ---------  ---------  ---------  --------- ---------                
                   Inicio   0x000020    program     static /home/jose/Documentos/Mis_practicas_SE/rotacionLEDconADC.X/rotacionLEDconADC.asm
            LoopEncendido   0x000044    program     static /home/jose/Documentos/Mis_practicas_SE/rotacionLEDconADC.X/rotacionLEDconADC.asm
                      aca   0x000036    program     static /home/jose/Documentos/Mis_practicas_SE/rotacionLEDconADC.X/rotacionLEDconADC.asm
                principal   0x000034    program     static /home/jose/Documentos/Mis_practicas_SE/rotacionLEDconADC.X/rotacionLEDconADC.asm



                              Symbols - Sorted by Address
                     Name    Address   Location    Storage File                     
                ---------  ---------  ---------  --------- ---------                
                   Inicio   0x000020    program     static /home/jose/Documentos/Mis_practicas_SE/rotacionLEDconADC.X/rotacionLEDconADC.asm
                principal   0x000034    program     static /home/jose/Documentos/Mis_practicas_SE/rotacionLEDconADC.X/rotacionLEDconADC.asm
                      aca   0x000036    program     static /home/jose/Documentos/Mis_practicas_SE/rotacionLEDconADC.X/rotacionLEDconADC.asm
            LoopEncendido   0x000044    program     static /home/jose/Documentos/Mis_practicas_SE/rotacionLEDconADC.X/rotacionLEDconADC.asm


